
Merging program properties

Removed property 0xc0000002 to merge Main.o (0x3) and EntryPoint.o (not found)
Removed property 0xc0000002 to merge Main.o (not found) and InterruptHandler.o (0x3)
Removed property 0xc0000002 to merge Main.o (not found) and Descriptor.o (0x3)
Removed property 0xc0000002 to merge Main.o (not found) and Utility.o (0x3)
Removed property 0xc0000002 to merge Main.o (not found) and PIC.o (0x3)
Removed property 0xc0000002 to merge Main.o (not found) and Keyboard.o (0x3)

Discarded input sections

 .note.GNU-stack
                0x0000000000000000        0x0 Main.o
 .note.gnu.property
                0x0000000000000000       0x20 Main.o
 .note.GNU-stack
                0x0000000000000000        0x0 InterruptHandler.o
 .note.gnu.property
                0x0000000000000000       0x20 InterruptHandler.o
 .note.GNU-stack
                0x0000000000000000        0x0 Descriptor.o
 .note.gnu.property
                0x0000000000000000       0x20 Descriptor.o
 .note.GNU-stack
                0x0000000000000000        0x0 Utility.o
 .note.gnu.property
                0x0000000000000000       0x20 Utility.o
 .note.GNU-stack
                0x0000000000000000        0x0 PIC.o
 .note.gnu.property
                0x0000000000000000       0x20 PIC.o
 .note.GNU-stack
                0x0000000000000000        0x0 Keyboard.o
 .note.gnu.property
                0x0000000000000000       0x20 Keyboard.o

Memory Configuration

Name             Origin             Length             Attributes
*default*        0x0000000000000000 0xffffffffffffffff

Linker script and memory map

                [!provide]                        PROVIDE (__executable_start = 0x400000)
                0x00000000004000e8                . = (0x400000 + SIZEOF_HEADERS)

.text           0x0000000000200000     0x207b
 *(.text .stub .text.* .gnu.linkonce.t.*)
 .text          0x0000000000200000       0x1f EntryPoint.o
 .text          0x000000000020001f      0x1a7 Main.o
                0x000000000020001f                kPrintString
                0x0000000000200046                Main
 .text          0x00000000002001c6       0x4a InterruptHandler.o
                0x00000000002001c6                kCommonExceptionHandler
                0x00000000002001cc                kCommonInterruptHandler
                0x00000000002001ee                kKeyboardHandler
 .text          0x0000000000200210      0xad5 Descriptor.o
                0x0000000000200210                kSetGDTEntry8
                0x000000000020023a                kSetGDTEntry16
                0x0000000000200277                kInitializeTSSSegment
                0x000000000020029b                kInitializeGDTTableAndTSS
                0x000000000020030d                kInitializeIDTTables
                0x0000000000200cb3                kSetIDTEntry
 .text          0x0000000000200ce5       0x4a Utility.o
                0x0000000000200ce5                kMemSet
                0x0000000000200cf9                kMemCpy
                0x0000000000200d11                kMemCmp
 .text          0x0000000000200d2f       0xce PIC.o
                0x0000000000200d2f                kInitializePIC
                0x0000000000200dad                kMaskPICInterrupt
                0x0000000000200dd0                kSendEOIToPIC
 .text          0x0000000000200dfd      0x3eb Keyboard.o
                0x0000000000200dfd                kIsOutputBufferFull
                0x0000000000200e11                kIsInputBufferFull
                0x0000000000200e27                kActivateKeyboard
                0x0000000000200e91                kGetKeyboardScanCode
                0x0000000000200eaa                kChangeKeyboardLED
                0x0000000000200f8b                kEnableA20Gate
                0x0000000000200ff3                kReboot
                0x0000000000201027                kIsAlphabetScanCode
                0x0000000000201042                kIsNumberOrSymbolScanCode
                0x000000000020105f                kIsNumberPadScanCode
                0x000000000020106e                kIsUseCombinedCode
                0x00000000002010d1                UpdateCombinationKeyStatusAndLED
                0x0000000000201146                kConvertScanCodeToASCIICode
 *fill*         0x00000000002011e8        0x8 90909090
 .text          0x00000000002011f0      0xe52 ISR.o
                0x00000000002011f0                kISRDivideError
                0x000000000020124f                kISRDebug
                0x00000000002012ae                kISRNMI
                0x000000000020130d                kISRBreakPoint
                0x000000000020136c                kISROverflow
                0x00000000002013cb                kISRBoundRangeExceeded
                0x000000000020142a                kISRInvalidOpcode
                0x0000000000201489                kISRDeviceNotAvailable
                0x00000000002014e8                kISRDoubleFault
                0x000000000020154f                kISRCoprocessorSegmentOverrun
                0x00000000002015ae                kISRInvalidTSS
                0x0000000000201615                kISRSegmentNotPresent
                0x000000000020167c                kISRStackSegmentFault
                0x00000000002016e3                kISRGeneralProtection
                0x000000000020174a                kISRPageFault
                0x00000000002017b1                kISR15
                0x0000000000201810                kISRFPUError
                0x000000000020186f                kISRAlignmentCheck
                0x00000000002018d6                kISRMachineCheck
                0x0000000000201935                kISRSIMDError
                0x0000000000201994                kISRETCException
                0x00000000002019f3                kISRTimer
                0x0000000000201a52                kISRKeyboard
                0x0000000000201ab1                kISRSlavePIC
                0x0000000000201b10                kISRSerial2
                0x0000000000201b6f                kISRSerial1
                0x0000000000201bce                kISRParallel2
                0x0000000000201c2d                kISRFloppy
                0x0000000000201c8c                kISRParallel1
                0x0000000000201ceb                kISRRTC
                0x0000000000201d4a                kISRReserved
                0x0000000000201da9                kISRNotUsed1
                0x0000000000201e08                kISRNotUsed2
                0x0000000000201e67                kISRMouse
                0x0000000000201ec6                kISRCoprocessor
                0x0000000000201f25                kISRHDD1
                0x0000000000201f84                kISRHDD2
                0x0000000000201fe3                kISRETCInterrupt
 *fill*         0x0000000000202042        0xe 90909090
 .text          0x0000000000202050       0x2b AssemblyUtility.o
                0x0000000000202050                kInPortByte
                0x000000000020205c                kOutPortByte
                0x0000000000202068                kLoadGDTR
                0x000000000020206c                kLoadTR
                0x0000000000202070                kLoadIDTR
                0x0000000000202074                kEnableInterrupt
                0x0000000000202076                kDisableInterrupt
                0x0000000000202078                kReadRFLAGS
 *(.gnu.warning)

.iplt           0x000000000020207b        0x0
 .iplt          0x000000000020207b        0x0 EntryPoint.o

.rodata         0x0000000000202080      0x1f2
 *(.rodata .rodata.* .gnu.linkonce.r.*)
 .rodata.str1.1
                0x0000000000202080      0x127 Main.o
 *fill*         0x00000000002021a7       0x19 
 .rodata        0x00000000002021c0       0xb2 Keyboard.o

.rela.dyn       0x0000000000202278        0x0
 .rela.iplt     0x0000000000202278        0x0 EntryPoint.o

.rodata1
 *(.rodata1)
                0x0000000000202400                . = ALIGN (0x200)

.data           0x0000000000202400        0x0
 *(.data .data.* .gnu.linkonce.d.*)
 .data          0x0000000000202400        0x0 Main.o
 .data          0x0000000000202400        0x0 InterruptHandler.o
 .data          0x0000000000202400        0x0 Descriptor.o
 .data          0x0000000000202400        0x0 Utility.o
 .data          0x0000000000202400        0x0 PIC.o
 .data          0x0000000000202400        0x0 Keyboard.o

.igot.plt       0x0000000000202400        0x0
 .igot.plt      0x0000000000202400        0x0 EntryPoint.o

.data1
 *(.data1)
                0x0000000000202400                __bss_start = .

.bss            0x0000000000202400       0x18
 *(.dynbss)
 *(.bss .bss.* .gnu.linkonce.b.*)
 .bss           0x0000000000202400        0x0 Main.o
 .bss           0x0000000000202400        0x8 InterruptHandler.o
 .bss           0x0000000000202408        0x0 Descriptor.o
 .bss           0x0000000000202408        0x0 Utility.o
 .bss           0x0000000000202408        0x0 PIC.o
 .bss           0x0000000000202408        0x9 Keyboard.o
 *(COMMON)
                0x0000000000202418                . = ALIGN ((. != 0x0)?0x8:0x1)
 *fill*         0x0000000000202411        0x7 

.interp
 *(.interp)

.note.gnu.build-id
 *(.note.gnu.build-id)

.hash
 *(.hash)

.gnu.hash
 *(.gnu.hash)

.dynsym
 *(.dynsym)

.dynstr
 *(.dynstr)

.gnu.version
 *(.gnu.version)

.gnu.version_d
 *(.gnu.version_d)

.gnu.version_r
 *(.gnu.version_r)

.rel.init
 *(.rel.init)

.rela.init
 *(.rela.init)

.rel.text
 *(.rel.text .rel.text.* .rel.gnu.linkonce.t.*)

.rela.text
 *(.rela.text .rela.text.* .rela.gnu.linkonce.t.*)

.rel.fini
 *(.rel.fini)

.rela.fini
 *(.rela.fini)

.rel.rodata
 *(.rel.rodata .rel.rodata.* .rel.gnu.linkonce.r.*)

.rela.rodata
 *(.rela.rodata .rela.rodata.* .rela.gnu.linkonce.r.*)

.rel.data.rel.ro
 *(.rel.data.rel.ro* .rel.gnu.linkonce.d.rel.ro.*)

.rela.data.rel.ro
 *(.rela.data.rel.ro* .rela.gnu.linkonce.d.rel.ro.*)

.rel.data
 *(.rel.data .rel.data.* .rel.gnu.linkonce.d.*)

.rela.data
 *(.rela.data .rela.data.* .rela.gnu.linkonce.d.*)

.rel.tdata
 *(.rel.tdata .rel.tdata.* .rel.gnu.linkonce.td.*)

.rela.tdata
 *(.rela.tdata .rela.tdata.* .rela.gnu.linkonce.td.*)

.rel.tbss
 *(.rel.tbss .rel.tbss.* .rel.gnu.linkonce.tb.*)

.rela.tbss
 *(.rela.tbss .rela.tbss.* .rela.gnu.linkonce.tb.*)

.rel.ctors
 *(.rel.ctors)

.rela.ctors
 *(.rela.ctors)

.rel.dtors
 *(.rel.dtors)

.rela.dtors
 *(.rela.dtors)

.rel.got
 *(.rel.got)

.rela.got       0x0000000000202418        0x0
 *(.rela.got)
 .rela.got      0x0000000000202418        0x0 EntryPoint.o

.rel.bss
 *(.rel.bss .rel.bss.* .rel.gnu.linkonce.b.*)

.rela.bss
 *(.rela.bss .rela.bss.* .rela.gnu.linkonce.b.*)

.rel.ldata
 *(.rel.ldata .rel.ldata.* .rel.gnu.linkonce.l.*)

.rela.ldata
 *(.rela.ldata .rela.ldata.* .rela.gnu.linkonce.l.*)

.rel.lbss
 *(.rel.lbss .rel.lbss.* .rel.gnu.linkonce.lb.*)

.rela.lbss
 *(.rela.lbss .rela.lbss.* .rela.gnu.linkonce.lb.*)

.rel.lrodata
 *(.rel.lrodata .rel.lrodata.* .rel.gnu.linkonce.lr.*)

.rela.lrodata
 *(.rela.lrodata .rela.lrodata.* .rela.gnu.linkonce.lr.*)

.rel.plt
 *(.rel.plt)

.rela.plt
 *(.rela.plt)

.init
 *(.init)

.plt
 *(.plt)

.fini
 *(.fini)
                [!provide]                        PROVIDE (__etext = .)
                [!provide]                        PROVIDE (_etext = .)
                [!provide]                        PROVIDE (etext = .)

.eh_frame_hdr
 *(.eh_frame_hdr)

.eh_frame       0x0000000000202418      0x318
 *(.eh_frame)
 .eh_frame      0x0000000000202418       0x50 Main.o
 .eh_frame      0x0000000000202468       0x40 InterruptHandler.o
                                         0x58 (size before relaxing)
 .eh_frame      0x00000000002024a8       0x80 Descriptor.o
                                         0x98 (size before relaxing)
 .eh_frame      0x0000000000202528       0x40 Utility.o
                                         0x58 (size before relaxing)
 .eh_frame      0x0000000000202568       0x58 PIC.o
                                         0x70 (size before relaxing)
 .eh_frame      0x00000000002025c0      0x170 Keyboard.o
                                        0x188 (size before relaxing)

.gcc_except_table
 *(.gcc_except_table .gcc_except_table.*)
                0x0000000000202730                . = (ALIGN (CONSTANT (MAXPAGESIZE)) - ((CONSTANT (MAXPAGESIZE) - .) & (CONSTANT (MAXPAGESIZE) - 0x1)))
                0x0000000000203fe8                . = DATA_SEGMENT_ALIGN (CONSTANT (MAXPAGESIZE), CONSTANT (COMMONPAGESIZE))

.eh_frame
 *(.eh_frame)

.gcc_except_table
 *(.gcc_except_table .gcc_except_table.*)

.tdata
 *(.tdata .tdata.* .gnu.linkonce.td.*)

.tbss
 *(.tbss .tbss.* .gnu.linkonce.tb.*)
 *(.tcommon)

.preinit_array  0x0000000000203fe8        0x0
                [!provide]                        PROVIDE (__preinit_array_start = .)
 *(.preinit_array)
                [!provide]                        PROVIDE (__preinit_array_end = .)

.init_array     0x0000000000203fe8        0x0
                [!provide]                        PROVIDE (__init_array_start = .)
 *(SORT_BY_NAME(.init_array.*))
 *(.init_array)
                [!provide]                        PROVIDE (__init_array_end = .)

.fini_array     0x0000000000203fe8        0x0
                [!provide]                        PROVIDE (__fini_array_start = .)
 *(.fini_array)
 *(SORT_BY_NAME(.fini_array.*))
                [!provide]                        PROVIDE (__fini_array_end = .)

.ctors
 *crtbegin.o(.ctors)
 *crtbegin?.o(.ctors)
 *(EXCLUDE_FILE(*crtend?.o *crtend.o) .ctors)
 *(SORT_BY_NAME(.ctors.*))
 *(.ctors)

.dtors
 *crtbegin.o(.dtors)
 *crtbegin?.o(.dtors)
 *(EXCLUDE_FILE(*crtend?.o *crtend.o) .dtors)
 *(SORT_BY_NAME(.dtors.*))
 *(.dtors)

.jcr
 *(.jcr)

.data.rel.ro
 *(.data.rel.ro.local* .gnu.linkonce.d.rel.ro.local.*)
 *(.data.rel.ro* .gnu.linkonce.d.rel.ro.*)

.dynamic
 *(.dynamic)

.got            0x0000000000203fe8        0x0
 *(.got)
 .got           0x0000000000203fe8        0x0 EntryPoint.o
                0x0000000000203fe8                . = DATA_SEGMENT_RELRO_END (., 0x18)

.got.plt        0x0000000000203fe8        0x0
 *(.got.plt)
 .got.plt       0x0000000000203fe8        0x0 EntryPoint.o
                0x0000000000203fe8                _edata = .
                [!provide]                        PROVIDE (edata = .)

.lbss
 *(.dynlbss)
 *(.lbss .lbss.* .gnu.linkonce.lb.*)
 *(LARGE_COMMON)
                0x0000000000203fe8                . = ALIGN (0x8)

.lrodata
 *(.lrodata .lrodata.* .gnu.linkonce.lr.*)

.ldata          0x0000000000205fe8        0x0
 *(.ldata .ldata.* .gnu.linkonce.l.*)
                0x0000000000205fe8                . = ALIGN ((. != 0x0)?0x8:0x1)
                0x0000000000205fe8                . = ALIGN (0x8)
                0x0000000000203fe8                _end = .
                [!provide]                        PROVIDE (end = .)
                0x0000000000205fe8                . = DATA_SEGMENT_END (.)

.stab           0x0000000000000000       0x9c
 *(.stab)
 .stab          0x0000000000000000       0x9c EntryPoint.o

.stabstr        0x0000000000000000       0x18
 *(.stabstr)
 .stabstr       0x0000000000000000       0x18 EntryPoint.o

.stab.excl
 *(.stab.excl)

.stab.exclstr
 *(.stab.exclstr)

.stab.index
 *(.stab.index)

.stab.indexstr
 *(.stab.indexstr)

.comment        0x0000000000000000       0x2b
 *(.comment)
 .comment       0x0000000000000000       0x2b Main.o
                                         0x2c (size before relaxing)
 .comment       0x000000000000002b       0x2c InterruptHandler.o
 .comment       0x000000000000002b       0x2c Descriptor.o
 .comment       0x000000000000002b       0x2c Utility.o
 .comment       0x000000000000002b       0x2c PIC.o
 .comment       0x000000000000002b       0x2c Keyboard.o

.debug
 *(.debug)

.line
 *(.line)

.debug_srcinfo
 *(.debug_srcinfo)

.debug_sfnames
 *(.debug_sfnames)

.debug_aranges  0x0000000000000000      0x120
 *(.debug_aranges)
 .debug_aranges
                0x0000000000000000       0x30 Main.o
 .debug_aranges
                0x0000000000000030       0x30 InterruptHandler.o
 .debug_aranges
                0x0000000000000060       0x30 Descriptor.o
 .debug_aranges
                0x0000000000000090       0x30 Utility.o
 .debug_aranges
                0x00000000000000c0       0x30 PIC.o
 .debug_aranges
                0x00000000000000f0       0x30 Keyboard.o

.debug_pubnames
 *(.debug_pubnames)

.debug_info     0x0000000000000000     0x291e
 *(.debug_info .gnu.linkonce.wi.*)
 .debug_info    0x0000000000000000      0x4bd Main.o
 .debug_info    0x00000000000004bd      0x1b3 InterruptHandler.o
 .debug_info    0x0000000000000670     0x166d Descriptor.o
 .debug_info    0x0000000000001cdd      0x17b Utility.o
 .debug_info    0x0000000000001e58      0x228 PIC.o
 .debug_info    0x0000000000002080      0x89e Keyboard.o

.debug_abbrev   0x0000000000000000      0x781
 *(.debug_abbrev)
 .debug_abbrev  0x0000000000000000      0x14d Main.o
 .debug_abbrev  0x000000000000014d       0xcd InterruptHandler.o
 .debug_abbrev  0x000000000000021a      0x1ad Descriptor.o
 .debug_abbrev  0x00000000000003c7       0xc4 Utility.o
 .debug_abbrev  0x000000000000048b       0x94 PIC.o
 .debug_abbrev  0x000000000000051f      0x262 Keyboard.o

.debug_line     0x0000000000000000     0x15aa
 *(.debug_line)
 .debug_line    0x0000000000000000      0x16e Main.o
 .debug_line    0x000000000000016e       0xcd InterruptHandler.o
 .debug_line    0x000000000000023b      0xb6a Descriptor.o
 .debug_line    0x0000000000000da5      0x10e Utility.o
 .debug_line    0x0000000000000eb3       0xbf PIC.o
 .debug_line    0x0000000000000f72      0x638 Keyboard.o

.debug_frame
 *(.debug_frame)

.debug_str      0x0000000000000000      0x80c
 *(.debug_str)
 .debug_str     0x0000000000000000      0x221 Main.o
                                        0x23a (size before relaxing)
 .debug_str     0x0000000000000221       0xc1 InterruptHandler.o
                                        0x1ab (size before relaxing)
 .debug_str     0x00000000000002e2      0x282 Descriptor.o
                                        0x3e0 (size before relaxing)
 .debug_str     0x0000000000000564       0x47 Utility.o
                                        0x12d (size before relaxing)
 .debug_str     0x00000000000005ab       0x55 PIC.o
                                        0x149 (size before relaxing)
 .debug_str     0x0000000000000600      0x20c Keyboard.o
                                        0x368 (size before relaxing)

.debug_loc      0x0000000000000000     0x3650
 *(.debug_loc)
 .debug_loc     0x0000000000000000      0x1c6 Main.o
 .debug_loc     0x00000000000001c6      0x3e4 InterruptHandler.o
 .debug_loc     0x00000000000005aa     0x2396 Descriptor.o
 .debug_loc     0x0000000000002940      0x17d Utility.o
 .debug_loc     0x0000000000002abd       0xbc PIC.o
 .debug_loc     0x0000000000002b79      0xad7 Keyboard.o

.debug_macinfo
 *(.debug_macinfo)

.debug_weaknames
 *(.debug_weaknames)

.debug_funcnames
 *(.debug_funcnames)

.debug_typenames
 *(.debug_typenames)

.debug_varnames
 *(.debug_varnames)

.debug_pubtypes
 *(.debug_pubtypes)

.debug_ranges   0x0000000000000000      0xd10
 *(.debug_ranges)
 .debug_ranges  0x0000000000000000      0xd10 Descriptor.o

.gnu.attributes
 *(.gnu.attributes)

/DISCARD/
 *(.note.GNU-stack)
 *(.gnu_debuglink)
Address of section .text set to 0x200000
LOAD EntryPoint.o
LOAD Main.o
LOAD InterruptHandler.o
LOAD Descriptor.o
LOAD Utility.o
LOAD PIC.o
LOAD Keyboard.o
LOAD ISR.o
LOAD AssemblyUtility.o
OUTPUT(Kernel64.elf elf64-x86-64)
