
Merging program properties

Removed property 0xc0000002 to merge Main.o (0x3) and EntryPoint.o (not found)
Removed property 0xc0000002 to merge Main.o (not found) and ConsoleShell.o (0x3)
Removed property 0xc0000002 to merge Main.o (not found) and Queue.o (0x3)
Removed property 0xc0000002 to merge Main.o (not found) and InterruptHandler.o (0x3)
Removed property 0xc0000002 to merge Main.o (not found) and Descriptor.o (0x3)
Removed property 0xc0000002 to merge Main.o (not found) and Console.o (0x3)
Removed property 0xc0000002 to merge Main.o (not found) and Utility.o (0x3)
Removed property 0xc0000002 to merge Main.o (not found) and PIC.o (0x3)
Removed property 0xc0000002 to merge Main.o (not found) and Keyboard.o (0x3)

Discarded input sections

 .note.GNU-stack
                0x0000000000000000        0x0 Main.o
 .note.gnu.property
                0x0000000000000000       0x20 Main.o
 .note.GNU-stack
                0x0000000000000000        0x0 ConsoleShell.o
 .note.gnu.property
                0x0000000000000000       0x20 ConsoleShell.o
 .note.GNU-stack
                0x0000000000000000        0x0 Queue.o
 .note.gnu.property
                0x0000000000000000       0x20 Queue.o
 .note.GNU-stack
                0x0000000000000000        0x0 InterruptHandler.o
 .note.gnu.property
                0x0000000000000000       0x20 InterruptHandler.o
 .note.GNU-stack
                0x0000000000000000        0x0 Descriptor.o
 .note.gnu.property
                0x0000000000000000       0x20 Descriptor.o
 .note.GNU-stack
                0x0000000000000000        0x0 Console.o
 .note.gnu.property
                0x0000000000000000       0x20 Console.o
 .note.GNU-stack
                0x0000000000000000        0x0 Utility.o
 .note.gnu.property
                0x0000000000000000       0x20 Utility.o
 .note.GNU-stack
                0x0000000000000000        0x0 PIC.o
 .note.gnu.property
                0x0000000000000000       0x20 PIC.o
 .note.GNU-stack
                0x0000000000000000        0x0 Keyboard.o
 .note.gnu.property
                0x0000000000000000       0x20 Keyboard.o

Memory Configuration

Name             Origin             Length             Attributes
*default*        0x0000000000000000 0xffffffffffffffff

Linker script and memory map

                [!provide]                        PROVIDE (__executable_start = 0x400000)
                0x00000000004000e8                . = (0x400000 + SIZEOF_HEADERS)

.text           0x0000000000200000     0x2c3b
 *(.text .stub .text.* .gnu.linkonce.t.*)
 .text          0x0000000000200000       0x1f EntryPoint.o
 .text          0x000000000020001f       0x3c Main.o
                0x000000000020001f                Main
 .text          0x000000000020005b      0x3cd ConsoleShell.o
                0x000000000020005b                kHelp
                0x000000000020010e                kCls
                0x0000000000200125                kShowTotalRAMSize
                0x0000000000200141                kShutdown
                0x000000000020016d                kExecuteCommand
                0x0000000000200200                kStartConsoleShell
                0x000000000020030b                kInitializeParameter
                0x000000000020032a                kGetNextParameter
                0x0000000000200383                kStringToDecimalHexTest
 .text          0x0000000000200428       0xce Queue.o
                0x0000000000200428                kInitializeQueue
                0x0000000000200442                kIsQueueFull
                0x0000000000200458                kIsQueueEmpty
                0x000000000020046e                kPutQueue
                0x00000000002004af                kGetQueue
 .text          0x00000000002004f6      0x174 InterruptHandler.o
                0x00000000002004f6                kCommonExceptionHandler
                0x000000000020057d                kCommonInterruptHandler
                0x0000000000200600                kKeyboardHandler
 .text          0x000000000020066a      0xad5 Descriptor.o
                0x000000000020066a                kSetGDTEntry8
                0x0000000000200694                kSetGDTEntry16
                0x00000000002006d1                kInitializeTSSSegment
                0x00000000002006f5                kInitializeGDTTableAndTSS
                0x0000000000200767                kInitializeIDTTables
                0x000000000020110d                kSetIDTEntry
 .text          0x000000000020113f      0x29a Console.o
                0x000000000020113f                kSetCursor
                0x0000000000201189                kInitializeConsole
                0x00000000002011b4                kGetCursor
                0x00000000002011d4                kConsolePrintString
                0x0000000000201284                kprintf
                0x0000000000201360                kClearScreen
                0x0000000000201383                kGetCh
                0x00000000002013ae                kPrintStringXY
 .text          0x00000000002013d9      0x44b Utility.o
                0x00000000002013d9                kmemset
                0x00000000002013ed                kmemcpy
                0x0000000000201405                kmemcmp
                0x0000000000201423                kCheckTotalRAMSize
                0x0000000000201429                kGetTotalRAMSize
                0x0000000000201430                kDecimalStringToLong
                0x0000000000201469                kHexStringToQword
                0x00000000002014b3                kstrlen
                0x00000000002014ca                kReverseString
                0x0000000000201500                katoi
                0x0000000000201515                kDecimalToString
                0x0000000000201572                kHexToString
                0x00000000002015bd                kitoa
                0x00000000002015cd                kvsprintf
                0x0000000000201761                ksprintf
                0x00000000002017f4                kSetInterruptFlag
 .text          0x0000000000201824       0xce PIC.o
                0x0000000000201824                kInitializePIC
                0x00000000002018a2                kMaskPICInterrupt
                0x00000000002018c5                kSendEOIToPIC
 .text          0x00000000002018f2      0x4bb Keyboard.o
                0x00000000002018f2                kIsOutputBufferFull
                0x0000000000201906                kIsInputBufferFull
                0x000000000020191c                kGetKeyboardScanCode
                0x0000000000201935                kEnableA20Gate
                0x000000000020199d                kReboot
                0x00000000002019d1                kIsAlphabetScanCode
                0x00000000002019ec                kIsNumberOrSymbolScanCode
                0x0000000000201a09                kIsNumberPadScanCode
                0x0000000000201a18                kIsUseCombinedCode
                0x0000000000201a7b                kConvertScanCodeAndPutQueue
                0x0000000000201adc                kWaitForACKAndPutOtherScanCode
                0x0000000000201b1e                kActivateKeyboard
                0x0000000000201b79                kInitializeKeyboard
                0x0000000000201b9e                kChangeKeyboardLED
                0x0000000000201c4b                UpdateCombinationKeyStatusAndLED
                0x0000000000201cc0                kConvertScanCodeToASCIICode
                0x0000000000201d62                kGetKeyFromKeyQueue
 *fill*         0x0000000000201dad        0x3 90909090
 .text          0x0000000000201db0      0xe52 ISR.o
                0x0000000000201db0                kISRDivideError
                0x0000000000201e0f                kISRDebug
                0x0000000000201e6e                kISRNMI
                0x0000000000201ecd                kISRBreakPoint
                0x0000000000201f2c                kISROverflow
                0x0000000000201f8b                kISRBoundRangeExceeded
                0x0000000000201fea                kISRInvalidOpcode
                0x0000000000202049                kISRDeviceNotAvailable
                0x00000000002020a8                kISRDoubleFault
                0x000000000020210f                kISRCoprocessorSegmentOverrun
                0x000000000020216e                kISRInvalidTSS
                0x00000000002021d5                kISRSegmentNotPresent
                0x000000000020223c                kISRStackSegmentFault
                0x00000000002022a3                kISRGeneralProtection
                0x000000000020230a                kISRPageFault
                0x0000000000202371                kISR15
                0x00000000002023d0                kISRFPUError
                0x000000000020242f                kISRAlignmentCheck
                0x0000000000202496                kISRMachineCheck
                0x00000000002024f5                kISRSIMDError
                0x0000000000202554                kISRETCException
                0x00000000002025b3                kISRTimer
                0x0000000000202612                kISRKeyboard
                0x0000000000202671                kISRSlavePIC
                0x00000000002026d0                kISRSerial2
                0x000000000020272f                kISRSerial1
                0x000000000020278e                kISRParallel2
                0x00000000002027ed                kISRFloppy
                0x000000000020284c                kISRParallel1
                0x00000000002028ab                kISRRTC
                0x000000000020290a                kISRReserved
                0x0000000000202969                kISRNotUsed1
                0x00000000002029c8                kISRNotUsed2
                0x0000000000202a27                kISRMouse
                0x0000000000202a86                kISRCoprocessor
                0x0000000000202ae5                kISRHDD1
                0x0000000000202b44                kISRHDD2
                0x0000000000202ba3                kISRETCInterrupt
 *fill*         0x0000000000202c02        0xe 90909090
 .text          0x0000000000202c10       0x2b AssemblyUtility.o
                0x0000000000202c10                kInPortByte
                0x0000000000202c1c                kOutPortByte
                0x0000000000202c28                kLoadGDTR
                0x0000000000202c2c                kLoadTR
                0x0000000000202c30                kLoadIDTR
                0x0000000000202c34                kEnableInterrupt
                0x0000000000202c36                kDisableInterrupt
                0x0000000000202c38                kReadRFLAGS
 *(.gnu.warning)

.iplt           0x0000000000202c3b        0x0
 .iplt          0x0000000000202c3b        0x0 EntryPoint.o

.rodata         0x0000000000202c40      0x3f2
 *(.rodata .rodata.* .gnu.linkonce.r.*)
 .rodata.str1.1
                0x0000000000202c40       0x86 Main.o
 .rodata.str1.1
                0x0000000000202cc6      0x1b4 ConsoleShell.o
                                        0x1b8 (size before relaxing)
 .rodata.str1.1
                0x0000000000202e7a       0xaa InterruptHandler.o
 .rodata        0x0000000000202f24       0x44 Utility.o
 *fill*         0x0000000000202f68       0x18 
 .rodata        0x0000000000202f80       0xb2 Keyboard.o

.rela.dyn       0x0000000000203038        0x0
 .rela.iplt     0x0000000000203038        0x0 EntryPoint.o

.rodata1
 *(.rodata1)
                0x0000000000203200                . = ALIGN (0x200)

.data           0x0000000000203200       0x78
 *(.data .data.* .gnu.linkonce.d.*)
 .data          0x0000000000203200        0x0 Main.o
 .data          0x0000000000203200        0x0 ConsoleShell.o
 .data.rel.local
                0x0000000000203200       0x78 ConsoleShell.o
                0x0000000000203200                gs_vstCommandTable
 .data          0x0000000000203278        0x0 Queue.o
 .data          0x0000000000203278        0x0 InterruptHandler.o
 .data          0x0000000000203278        0x0 Descriptor.o
 .data          0x0000000000203278        0x0 Console.o
 .data          0x0000000000203278        0x0 Utility.o
 .data          0x0000000000203278        0x0 PIC.o
 .data          0x0000000000203278        0x0 Keyboard.o

.igot.plt       0x0000000000203278        0x0
 .igot.plt      0x0000000000203278        0x0 EntryPoint.o

.data1
 *(.data1)
                0x0000000000203278                __bss_start = .

.bss            0x0000000000203280      0x180
 *(.dynbss)
 *(.bss .bss.* .gnu.linkonce.b.*)
 .bss           0x0000000000203280        0x0 Main.o
 .bss           0x0000000000203280        0x0 ConsoleShell.o
 .bss           0x0000000000203280        0x0 Queue.o
 .bss           0x0000000000203280        0x8 InterruptHandler.o
 .bss           0x0000000000203288        0x0 Descriptor.o
 .bss           0x0000000000203288        0x4 Console.o
                0x0000000000203288                gs_stConsoleManager
 .bss           0x000000000020328c        0x0 Utility.o
 .bss           0x000000000020328c        0x0 PIC.o
 *fill*         0x000000000020328c       0x14 
 .bss           0x00000000002032a0      0x159 Keyboard.o
 *(COMMON)
                0x0000000000203400                . = ALIGN ((. != 0x0)?0x8:0x1)
 *fill*         0x00000000002033f9        0x7 

.interp
 *(.interp)

.note.gnu.build-id
 *(.note.gnu.build-id)

.hash
 *(.hash)

.gnu.hash
 *(.gnu.hash)

.dynsym
 *(.dynsym)

.dynstr
 *(.dynstr)

.gnu.version
 *(.gnu.version)

.gnu.version_d
 *(.gnu.version_d)

.gnu.version_r
 *(.gnu.version_r)

.rel.init
 *(.rel.init)

.rela.init
 *(.rela.init)

.rel.text
 *(.rel.text .rel.text.* .rel.gnu.linkonce.t.*)

.rela.text
 *(.rela.text .rela.text.* .rela.gnu.linkonce.t.*)

.rel.fini
 *(.rel.fini)

.rela.fini
 *(.rela.fini)

.rel.rodata
 *(.rel.rodata .rel.rodata.* .rel.gnu.linkonce.r.*)

.rela.rodata
 *(.rela.rodata .rela.rodata.* .rela.gnu.linkonce.r.*)

.rel.data.rel.ro
 *(.rel.data.rel.ro* .rel.gnu.linkonce.d.rel.ro.*)

.rela.data.rel.ro
 *(.rela.data.rel.ro* .rela.gnu.linkonce.d.rel.ro.*)

.rel.data
 *(.rel.data .rel.data.* .rel.gnu.linkonce.d.*)

.rela.data
 *(.rela.data .rela.data.* .rela.gnu.linkonce.d.*)

.rel.tdata
 *(.rel.tdata .rel.tdata.* .rel.gnu.linkonce.td.*)

.rela.tdata
 *(.rela.tdata .rela.tdata.* .rela.gnu.linkonce.td.*)

.rel.tbss
 *(.rel.tbss .rel.tbss.* .rel.gnu.linkonce.tb.*)

.rela.tbss
 *(.rela.tbss .rela.tbss.* .rela.gnu.linkonce.tb.*)

.rel.ctors
 *(.rel.ctors)

.rela.ctors
 *(.rela.ctors)

.rel.dtors
 *(.rel.dtors)

.rela.dtors
 *(.rela.dtors)

.rel.got
 *(.rel.got)

.rela.got       0x0000000000203400        0x0
 *(.rela.got)
 .rela.got      0x0000000000203400        0x0 EntryPoint.o

.rel.bss
 *(.rel.bss .rel.bss.* .rel.gnu.linkonce.b.*)

.rela.bss
 *(.rela.bss .rela.bss.* .rela.gnu.linkonce.b.*)

.rel.ldata
 *(.rel.ldata .rel.ldata.* .rel.gnu.linkonce.l.*)

.rela.ldata
 *(.rela.ldata .rela.ldata.* .rela.gnu.linkonce.l.*)

.rel.lbss
 *(.rel.lbss .rel.lbss.* .rel.gnu.linkonce.lb.*)

.rela.lbss
 *(.rela.lbss .rela.lbss.* .rela.gnu.linkonce.lb.*)

.rel.lrodata
 *(.rel.lrodata .rel.lrodata.* .rel.gnu.linkonce.lr.*)

.rela.lrodata
 *(.rela.lrodata .rela.lrodata.* .rela.gnu.linkonce.lr.*)

.rel.plt
 *(.rel.plt)

.rela.plt
 *(.rela.plt)

.init
 *(.init)

.plt
 *(.plt)

.fini
 *(.fini)
                [!provide]                        PROVIDE (__etext = .)
                [!provide]                        PROVIDE (_etext = .)
                [!provide]                        PROVIDE (etext = .)

.eh_frame_hdr
 *(.eh_frame_hdr)

.eh_frame       0x0000000000203400      0x7dc
 *(.eh_frame)
 .eh_frame      0x0000000000203400       0x30 Main.o
 .eh_frame      0x0000000000203430      0x170 ConsoleShell.o
                                        0x188 (size before relaxing)
 .eh_frame      0x00000000002035a0       0x78 Queue.o
                                         0x90 (size before relaxing)
 .eh_frame      0x0000000000203618       0x60 InterruptHandler.o
                                         0x78 (size before relaxing)
 .eh_frame      0x0000000000203678       0x80 Descriptor.o
                                         0x98 (size before relaxing)
 .eh_frame      0x00000000002036f8      0x100 Console.o
                                        0x118 (size before relaxing)
 .eh_frame      0x00000000002037f8      0x180 Utility.o
                                        0x198 (size before relaxing)
 .eh_frame      0x0000000000203978       0x58 PIC.o
                                         0x70 (size before relaxing)
 .eh_frame      0x00000000002039d0      0x20c Keyboard.o
                                        0x228 (size before relaxing)

.gcc_except_table
 *(.gcc_except_table .gcc_except_table.*)
                0x0000000000203bdc                . = (ALIGN (CONSTANT (MAXPAGESIZE)) - ((CONSTANT (MAXPAGESIZE) - .) & (CONSTANT (MAXPAGESIZE) - 0x1)))
                0x0000000000204fe8                . = DATA_SEGMENT_ALIGN (CONSTANT (MAXPAGESIZE), CONSTANT (COMMONPAGESIZE))

.eh_frame
 *(.eh_frame)

.gcc_except_table
 *(.gcc_except_table .gcc_except_table.*)

.tdata
 *(.tdata .tdata.* .gnu.linkonce.td.*)

.tbss
 *(.tbss .tbss.* .gnu.linkonce.tb.*)
 *(.tcommon)

.preinit_array  0x0000000000204fe8        0x0
                [!provide]                        PROVIDE (__preinit_array_start = .)
 *(.preinit_array)
                [!provide]                        PROVIDE (__preinit_array_end = .)

.init_array     0x0000000000204fe8        0x0
                [!provide]                        PROVIDE (__init_array_start = .)
 *(SORT_BY_NAME(.init_array.*))
 *(.init_array)
                [!provide]                        PROVIDE (__init_array_end = .)

.fini_array     0x0000000000204fe8        0x0
                [!provide]                        PROVIDE (__fini_array_start = .)
 *(.fini_array)
 *(SORT_BY_NAME(.fini_array.*))
                [!provide]                        PROVIDE (__fini_array_end = .)

.ctors
 *crtbegin.o(.ctors)
 *crtbegin?.o(.ctors)
 *(EXCLUDE_FILE(*crtend?.o *crtend.o) .ctors)
 *(SORT_BY_NAME(.ctors.*))
 *(.ctors)

.dtors
 *crtbegin.o(.dtors)
 *crtbegin?.o(.dtors)
 *(EXCLUDE_FILE(*crtend?.o *crtend.o) .dtors)
 *(SORT_BY_NAME(.dtors.*))
 *(.dtors)

.jcr
 *(.jcr)

.data.rel.ro
 *(.data.rel.ro.local* .gnu.linkonce.d.rel.ro.local.*)
 *(.data.rel.ro* .gnu.linkonce.d.rel.ro.*)

.dynamic
 *(.dynamic)

.got            0x0000000000204fe8        0x0
 *(.got)
 .got           0x0000000000204fe8        0x0 EntryPoint.o
                0x0000000000204fe8                . = DATA_SEGMENT_RELRO_END (., 0x18)

.got.plt        0x0000000000204fe8        0x0
 *(.got.plt)
 .got.plt       0x0000000000204fe8        0x0 EntryPoint.o
                0x0000000000204fe8                _edata = .
                [!provide]                        PROVIDE (edata = .)

.lbss
 *(.dynlbss)
 *(.lbss .lbss.* .gnu.linkonce.lb.*)
 *(LARGE_COMMON)
                0x0000000000204fe8                . = ALIGN (0x8)

.lrodata
 *(.lrodata .lrodata.* .gnu.linkonce.lr.*)

.ldata          0x0000000000206fe8        0x0
 *(.ldata .ldata.* .gnu.linkonce.l.*)
                0x0000000000206fe8                . = ALIGN ((. != 0x0)?0x8:0x1)
                0x0000000000206fe8                . = ALIGN (0x8)
                0x0000000000204fe8                _end = .
                [!provide]                        PROVIDE (end = .)
                0x0000000000206fe8                . = DATA_SEGMENT_END (.)

.stab           0x0000000000000000       0x9c
 *(.stab)
 .stab          0x0000000000000000       0x9c EntryPoint.o

.stabstr        0x0000000000000000       0x18
 *(.stabstr)
 .stabstr       0x0000000000000000       0x18 EntryPoint.o

.stab.excl
 *(.stab.excl)

.stab.exclstr
 *(.stab.exclstr)

.stab.index
 *(.stab.index)

.stab.indexstr
 *(.stab.indexstr)

.comment        0x0000000000000000       0x2b
 *(.comment)
 .comment       0x0000000000000000       0x2b Main.o
                                         0x2c (size before relaxing)
 .comment       0x000000000000002b       0x2c ConsoleShell.o
 .comment       0x000000000000002b       0x2c Queue.o
 .comment       0x000000000000002b       0x2c InterruptHandler.o
 .comment       0x000000000000002b       0x2c Descriptor.o
 .comment       0x000000000000002b       0x2c Console.o
 .comment       0x000000000000002b       0x2c Utility.o
 .comment       0x000000000000002b       0x2c PIC.o
 .comment       0x000000000000002b       0x2c Keyboard.o

.debug
 *(.debug)

.line
 *(.line)

.debug_srcinfo
 *(.debug_srcinfo)

.debug_sfnames
 *(.debug_sfnames)

.debug_aranges  0x0000000000000000      0x1b0
 *(.debug_aranges)
 .debug_aranges
                0x0000000000000000       0x30 Main.o
 .debug_aranges
                0x0000000000000030       0x30 ConsoleShell.o
 .debug_aranges
                0x0000000000000060       0x30 Queue.o
 .debug_aranges
                0x0000000000000090       0x30 InterruptHandler.o
 .debug_aranges
                0x00000000000000c0       0x30 Descriptor.o
 .debug_aranges
                0x00000000000000f0       0x30 Console.o
 .debug_aranges
                0x0000000000000120       0x30 Utility.o
 .debug_aranges
                0x0000000000000150       0x30 PIC.o
 .debug_aranges
                0x0000000000000180       0x30 Keyboard.o

.debug_pubnames
 *(.debug_pubnames)

.debug_info     0x0000000000000000     0x46e5
 *(.debug_info .gnu.linkonce.wi.*)
 .debug_info    0x0000000000000000      0x1a6 Main.o
 .debug_info    0x00000000000001a6      0x977 ConsoleShell.o
 .debug_info    0x0000000000000b1d      0x279 Queue.o
 .debug_info    0x0000000000000d96      0x316 InterruptHandler.o
 .debug_info    0x00000000000010ac     0x166d Descriptor.o
 .debug_info    0x0000000000002719      0x60f Console.o
 .debug_info    0x0000000000002d28      0xa31 Utility.o
 .debug_info    0x0000000000003759      0x228 PIC.o
 .debug_info    0x0000000000003981      0xd64 Keyboard.o

.debug_abbrev   0x0000000000000000      0xef4
 *(.debug_abbrev)
 .debug_abbrev  0x0000000000000000       0xf2 Main.o
 .debug_abbrev  0x00000000000000f2      0x1f7 ConsoleShell.o
 .debug_abbrev  0x00000000000002e9      0x118 Queue.o
 .debug_abbrev  0x0000000000000401       0xd3 InterruptHandler.o
 .debug_abbrev  0x00000000000004d4      0x1ad Descriptor.o
 .debug_abbrev  0x0000000000000681      0x1f9 Console.o
 .debug_abbrev  0x000000000000087a      0x34e Utility.o
 .debug_abbrev  0x0000000000000bc8       0x94 PIC.o
 .debug_abbrev  0x0000000000000c5c      0x298 Keyboard.o

.debug_line     0x0000000000000000     0x2369
 *(.debug_line)
 .debug_line    0x0000000000000000       0x84 Main.o
 .debug_line    0x0000000000000084      0x3f3 ConsoleShell.o
 .debug_line    0x0000000000000477      0x145 Queue.o
 .debug_line    0x00000000000005bc      0x195 InterruptHandler.o
 .debug_line    0x0000000000000751      0xb6a Descriptor.o
 .debug_line    0x00000000000012bb      0x32f Console.o
 .debug_line    0x00000000000015ea      0x612 Utility.o
 .debug_line    0x0000000000001bfc       0xbf PIC.o
 .debug_line    0x0000000000001cbb      0x6ae Keyboard.o

.debug_frame
 *(.debug_frame)

.debug_str      0x0000000000000000      0xe98
 *(.debug_str)
 .debug_str     0x0000000000000000      0x14a Main.o
                                        0x175 (size before relaxing)
 .debug_str     0x000000000000014a      0x2b1 ConsoleShell.o
                                        0x3aa (size before relaxing)
 .debug_str     0x00000000000003fb       0xd5 Queue.o
                                        0x1c2 (size before relaxing)
 .debug_str     0x00000000000004d0      0x106 InterruptHandler.o
                                        0x1f8 (size before relaxing)
 .debug_str     0x00000000000005d6      0x2a9 Descriptor.o
                                        0x3d3 (size before relaxing)
 .debug_str     0x000000000000087f      0x17c Console.o
                                        0x333 (size before relaxing)
 .debug_str     0x00000000000009fb      0x1a1 Utility.o
                                        0x35e (size before relaxing)
 .debug_str     0x0000000000000b9c       0x48 PIC.o
                                        0x13c (size before relaxing)
 .debug_str     0x0000000000000be4      0x2b4 Keyboard.o
                                        0x4f1 (size before relaxing)

.debug_loc      0x0000000000000000     0x4e89
 *(.debug_loc)
 .debug_loc     0x0000000000000000      0x792 ConsoleShell.o
 .debug_loc     0x0000000000000792      0x18d Queue.o
 .debug_loc     0x000000000000091f      0x16d InterruptHandler.o
 .debug_loc     0x0000000000000a8c     0x2396 Descriptor.o
 .debug_loc     0x0000000000002e22      0x4d0 Console.o
 .debug_loc     0x00000000000032f2      0xdfe Utility.o
 .debug_loc     0x00000000000040f0       0xbc PIC.o
 .debug_loc     0x00000000000041ac      0xcdd Keyboard.o

.debug_macinfo
 *(.debug_macinfo)

.debug_weaknames
 *(.debug_weaknames)

.debug_funcnames
 *(.debug_funcnames)

.debug_typenames
 *(.debug_typenames)

.debug_varnames
 *(.debug_varnames)

.debug_pubtypes
 *(.debug_pubtypes)

.debug_ranges   0x0000000000000000      0xda0
 *(.debug_ranges)
 .debug_ranges  0x0000000000000000      0xd10 Descriptor.o
 .debug_ranges  0x0000000000000d10       0x90 Utility.o

.gnu.attributes
 *(.gnu.attributes)

/DISCARD/
 *(.note.GNU-stack)
 *(.gnu_debuglink)
Address of section .text set to 0x200000
LOAD EntryPoint.o
LOAD Main.o
LOAD ConsoleShell.o
LOAD Queue.o
LOAD InterruptHandler.o
LOAD Descriptor.o
LOAD Console.o
LOAD Utility.o
LOAD PIC.o
LOAD Keyboard.o
LOAD ISR.o
LOAD AssemblyUtility.o
OUTPUT(Kernel64.elf elf64-x86-64)
