
Merging program properties

Removed property 0xc0000002 to merge Main.o (0x3) and EntryPoint.o (not found)
Removed property 0xc0000002 to merge Main.o (not found) and Queue.o (0x3)
Removed property 0xc0000002 to merge Main.o (not found) and InterruptHandler.o (0x3)
Removed property 0xc0000002 to merge Main.o (not found) and Descriptor.o (0x3)
Removed property 0xc0000002 to merge Main.o (not found) and Utility.o (0x3)
Removed property 0xc0000002 to merge Main.o (not found) and PIC.o (0x3)
Removed property 0xc0000002 to merge Main.o (not found) and Keyboard.o (0x3)

Discarded input sections

 .note.GNU-stack
                0x0000000000000000        0x0 Main.o
 .note.gnu.property
                0x0000000000000000       0x20 Main.o
 .note.GNU-stack
                0x0000000000000000        0x0 Queue.o
 .note.gnu.property
                0x0000000000000000       0x20 Queue.o
 .note.GNU-stack
                0x0000000000000000        0x0 InterruptHandler.o
 .note.gnu.property
                0x0000000000000000       0x20 InterruptHandler.o
 .note.GNU-stack
                0x0000000000000000        0x0 Descriptor.o
 .note.gnu.property
                0x0000000000000000       0x20 Descriptor.o
 .note.GNU-stack
                0x0000000000000000        0x0 Utility.o
 .note.gnu.property
                0x0000000000000000       0x20 Utility.o
 .note.GNU-stack
                0x0000000000000000        0x0 PIC.o
 .note.gnu.property
                0x0000000000000000       0x20 PIC.o
 .note.GNU-stack
                0x0000000000000000        0x0 Keyboard.o
 .note.gnu.property
                0x0000000000000000       0x20 Keyboard.o

Memory Configuration

Name             Origin             Length             Attributes
*default*        0x0000000000000000 0xffffffffffffffff

Linker script and memory map

                [!provide]                        PROVIDE (__executable_start = 0x400000)
                0x00000000004000e8                . = (0x400000 + SIZEOF_HEADERS)

.text           0x0000000000200000     0x23ab
 *(.text .stub .text.* .gnu.linkonce.t.*)
 .text          0x0000000000200000       0x1f EntryPoint.o
 .text          0x000000000020001f      0x1ce Main.o
                0x000000000020001f                kPrintString
                0x0000000000200046                Main
 .text          0x00000000002001ed       0xce Queue.o
                0x00000000002001ed                kInitializeQueue
                0x0000000000200207                kIsQueueFull
                0x000000000020021d                kIsQueueEmpty
                0x0000000000200233                kPutQueue
                0x0000000000200274                kGetQueue
 .text          0x00000000002002bb      0x182 InterruptHandler.o
                0x00000000002002bb                kCommonExceptionHandler
                0x000000000020034c                kCommonInterruptHandler
                0x00000000002003d1                kKeyboardHandler
 .text          0x000000000020043d      0xad5 Descriptor.o
                0x000000000020043d                kSetGDTEntry8
                0x0000000000200467                kSetGDTEntry16
                0x00000000002004a4                kInitializeTSSSegment
                0x00000000002004c8                kInitializeGDTTableAndTSS
                0x000000000020053a                kInitializeIDTTables
                0x0000000000200ee0                kSetIDTEntry
 .text          0x0000000000200f12       0x7a Utility.o
                0x0000000000200f12                kMemSet
                0x0000000000200f26                kMemCpy
                0x0000000000200f3e                kMemCmp
                0x0000000000200f5c                kSetInterruptFlag
 .text          0x0000000000200f8c       0xce PIC.o
                0x0000000000200f8c                kInitializePIC
                0x000000000020100a                kMaskPICInterrupt
                0x000000000020102d                kSendEOIToPIC
 .text          0x000000000020105a      0x4bb Keyboard.o
                0x000000000020105a                kIsOutputBufferFull
                0x000000000020106e                kIsInputBufferFull
                0x0000000000201084                kGetKeyboardScanCode
                0x000000000020109d                kEnableA20Gate
                0x0000000000201105                kReboot
                0x0000000000201139                kIsAlphabetScanCode
                0x0000000000201154                kIsNumberOrSymbolScanCode
                0x0000000000201171                kIsNumberPadScanCode
                0x0000000000201180                kIsUseCombinedCode
                0x00000000002011e3                kConvertScanCodeAndPutQueue
                0x0000000000201244                kWaitForACKAndPutOtherScanCode
                0x0000000000201286                kActivateKeyboard
                0x00000000002012e1                kInitializeKeyboard
                0x0000000000201306                kChangeKeyboardLED
                0x00000000002013b3                UpdateCombinationKeyStatusAndLED
                0x0000000000201428                kConvertScanCodeToASCIICode
                0x00000000002014ca                kGetKeyFromKeyQueue
 *fill*         0x0000000000201515        0xb 90909090
 .text          0x0000000000201520      0xe52 ISR.o
                0x0000000000201520                kISRDivideError
                0x000000000020157f                kISRDebug
                0x00000000002015de                kISRNMI
                0x000000000020163d                kISRBreakPoint
                0x000000000020169c                kISROverflow
                0x00000000002016fb                kISRBoundRangeExceeded
                0x000000000020175a                kISRInvalidOpcode
                0x00000000002017b9                kISRDeviceNotAvailable
                0x0000000000201818                kISRDoubleFault
                0x000000000020187f                kISRCoprocessorSegmentOverrun
                0x00000000002018de                kISRInvalidTSS
                0x0000000000201945                kISRSegmentNotPresent
                0x00000000002019ac                kISRStackSegmentFault
                0x0000000000201a13                kISRGeneralProtection
                0x0000000000201a7a                kISRPageFault
                0x0000000000201ae1                kISR15
                0x0000000000201b40                kISRFPUError
                0x0000000000201b9f                kISRAlignmentCheck
                0x0000000000201c06                kISRMachineCheck
                0x0000000000201c65                kISRSIMDError
                0x0000000000201cc4                kISRETCException
                0x0000000000201d23                kISRTimer
                0x0000000000201d82                kISRKeyboard
                0x0000000000201de1                kISRSlavePIC
                0x0000000000201e40                kISRSerial2
                0x0000000000201e9f                kISRSerial1
                0x0000000000201efe                kISRParallel2
                0x0000000000201f5d                kISRFloppy
                0x0000000000201fbc                kISRParallel1
                0x000000000020201b                kISRRTC
                0x000000000020207a                kISRReserved
                0x00000000002020d9                kISRNotUsed1
                0x0000000000202138                kISRNotUsed2
                0x0000000000202197                kISRMouse
                0x00000000002021f6                kISRCoprocessor
                0x0000000000202255                kISRHDD1
                0x00000000002022b4                kISRHDD2
                0x0000000000202313                kISRETCInterrupt
 *fill*         0x0000000000202372        0xe 90909090
 .text          0x0000000000202380       0x2b AssemblyUtility.o
                0x0000000000202380                kInPortByte
                0x000000000020238c                kOutPortByte
                0x0000000000202398                kLoadGDTR
                0x000000000020239c                kLoadTR
                0x00000000002023a0                kLoadIDTR
                0x00000000002023a4                kEnableInterrupt
                0x00000000002023a6                kDisableInterrupt
                0x00000000002023a8                kReadRFLAGS
 *(.gnu.warning)

.iplt           0x00000000002023ab        0x0
 .iplt          0x00000000002023ab        0x0 EntryPoint.o

.rodata         0x00000000002023c0      0x2d2
 *(.rodata .rodata.* .gnu.linkonce.r.*)
 .rodata.str1.1
                0x00000000002023c0      0x15a Main.o
 .rodata.str1.1
                0x000000000020251a       0xaa InterruptHandler.o
 *fill*         0x00000000002025c4       0x1c 
 .rodata        0x00000000002025e0       0xb2 Keyboard.o

.rela.dyn       0x0000000000202698        0x0
 .rela.iplt     0x0000000000202698        0x0 EntryPoint.o

.rodata1
 *(.rodata1)
                0x0000000000202800                . = ALIGN (0x200)

.data           0x0000000000202800        0x0
 *(.data .data.* .gnu.linkonce.d.*)
 .data          0x0000000000202800        0x0 Main.o
 .data          0x0000000000202800        0x0 Queue.o
 .data          0x0000000000202800        0x0 InterruptHandler.o
 .data          0x0000000000202800        0x0 Descriptor.o
 .data          0x0000000000202800        0x0 Utility.o
 .data          0x0000000000202800        0x0 PIC.o
 .data          0x0000000000202800        0x0 Keyboard.o

.igot.plt       0x0000000000202800        0x0
 .igot.plt      0x0000000000202800        0x0 EntryPoint.o

.data1
 *(.data1)
                0x0000000000202800                __bss_start = .

.bss            0x0000000000202800      0x180
 *(.dynbss)
 *(.bss .bss.* .gnu.linkonce.b.*)
 .bss           0x0000000000202800        0x0 Main.o
 .bss           0x0000000000202800        0x0 Queue.o
 .bss           0x0000000000202800        0x8 InterruptHandler.o
 .bss           0x0000000000202808        0x0 Descriptor.o
 .bss           0x0000000000202808        0x0 Utility.o
 .bss           0x0000000000202808        0x0 PIC.o
 *fill*         0x0000000000202808       0x18 
 .bss           0x0000000000202820      0x159 Keyboard.o
 *(COMMON)
                0x0000000000202980                . = ALIGN ((. != 0x0)?0x8:0x1)
 *fill*         0x0000000000202979        0x7 

.interp
 *(.interp)

.note.gnu.build-id
 *(.note.gnu.build-id)

.hash
 *(.hash)

.gnu.hash
 *(.gnu.hash)

.dynsym
 *(.dynsym)

.dynstr
 *(.dynstr)

.gnu.version
 *(.gnu.version)

.gnu.version_d
 *(.gnu.version_d)

.gnu.version_r
 *(.gnu.version_r)

.rel.init
 *(.rel.init)

.rela.init
 *(.rela.init)

.rel.text
 *(.rel.text .rel.text.* .rel.gnu.linkonce.t.*)

.rela.text
 *(.rela.text .rela.text.* .rela.gnu.linkonce.t.*)

.rel.fini
 *(.rel.fini)

.rela.fini
 *(.rela.fini)

.rel.rodata
 *(.rel.rodata .rel.rodata.* .rel.gnu.linkonce.r.*)

.rela.rodata
 *(.rela.rodata .rela.rodata.* .rela.gnu.linkonce.r.*)

.rel.data.rel.ro
 *(.rel.data.rel.ro* .rel.gnu.linkonce.d.rel.ro.*)

.rela.data.rel.ro
 *(.rela.data.rel.ro* .rela.gnu.linkonce.d.rel.ro.*)

.rel.data
 *(.rel.data .rel.data.* .rel.gnu.linkonce.d.*)

.rela.data
 *(.rela.data .rela.data.* .rela.gnu.linkonce.d.*)

.rel.tdata
 *(.rel.tdata .rel.tdata.* .rel.gnu.linkonce.td.*)

.rela.tdata
 *(.rela.tdata .rela.tdata.* .rela.gnu.linkonce.td.*)

.rel.tbss
 *(.rel.tbss .rel.tbss.* .rel.gnu.linkonce.tb.*)

.rela.tbss
 *(.rela.tbss .rela.tbss.* .rela.gnu.linkonce.tb.*)

.rel.ctors
 *(.rel.ctors)

.rela.ctors
 *(.rela.ctors)

.rel.dtors
 *(.rel.dtors)

.rela.dtors
 *(.rela.dtors)

.rel.got
 *(.rel.got)

.rela.got       0x0000000000202980        0x0
 *(.rela.got)
 .rela.got      0x0000000000202980        0x0 EntryPoint.o

.rel.bss
 *(.rel.bss .rel.bss.* .rel.gnu.linkonce.b.*)

.rela.bss
 *(.rela.bss .rela.bss.* .rela.gnu.linkonce.b.*)

.rel.ldata
 *(.rel.ldata .rel.ldata.* .rel.gnu.linkonce.l.*)

.rela.ldata
 *(.rela.ldata .rela.ldata.* .rela.gnu.linkonce.l.*)

.rel.lbss
 *(.rel.lbss .rel.lbss.* .rel.gnu.linkonce.lb.*)

.rela.lbss
 *(.rela.lbss .rela.lbss.* .rela.gnu.linkonce.lb.*)

.rel.lrodata
 *(.rel.lrodata .rel.lrodata.* .rel.gnu.linkonce.lr.*)

.rela.lrodata
 *(.rela.lrodata .rela.lrodata.* .rela.gnu.linkonce.lr.*)

.rel.plt
 *(.rel.plt)

.rela.plt
 *(.rela.plt)

.init
 *(.init)

.plt
 *(.plt)

.fini
 *(.fini)
                [!provide]                        PROVIDE (__etext = .)
                [!provide]                        PROVIDE (_etext = .)
                [!provide]                        PROVIDE (etext = .)

.eh_frame_hdr
 *(.eh_frame_hdr)

.eh_frame       0x0000000000202980      0x474
 *(.eh_frame)
 .eh_frame      0x0000000000202980       0x50 Main.o
 .eh_frame      0x00000000002029d0       0x78 Queue.o
                                         0x90 (size before relaxing)
 .eh_frame      0x0000000000202a48       0x60 InterruptHandler.o
                                         0x78 (size before relaxing)
 .eh_frame      0x0000000000202aa8       0x80 Descriptor.o
                                         0x98 (size before relaxing)
 .eh_frame      0x0000000000202b28       0x68 Utility.o
                                         0x80 (size before relaxing)
 .eh_frame      0x0000000000202b90       0x58 PIC.o
                                         0x70 (size before relaxing)
 .eh_frame      0x0000000000202be8      0x20c Keyboard.o
                                        0x228 (size before relaxing)

.gcc_except_table
 *(.gcc_except_table .gcc_except_table.*)
                0x0000000000202df4                . = (ALIGN (CONSTANT (MAXPAGESIZE)) - ((CONSTANT (MAXPAGESIZE) - .) & (CONSTANT (MAXPAGESIZE) - 0x1)))
                0x0000000000203fe8                . = DATA_SEGMENT_ALIGN (CONSTANT (MAXPAGESIZE), CONSTANT (COMMONPAGESIZE))

.eh_frame
 *(.eh_frame)

.gcc_except_table
 *(.gcc_except_table .gcc_except_table.*)

.tdata
 *(.tdata .tdata.* .gnu.linkonce.td.*)

.tbss
 *(.tbss .tbss.* .gnu.linkonce.tb.*)
 *(.tcommon)

.preinit_array  0x0000000000203fe8        0x0
                [!provide]                        PROVIDE (__preinit_array_start = .)
 *(.preinit_array)
                [!provide]                        PROVIDE (__preinit_array_end = .)

.init_array     0x0000000000203fe8        0x0
                [!provide]                        PROVIDE (__init_array_start = .)
 *(SORT_BY_NAME(.init_array.*))
 *(.init_array)
                [!provide]                        PROVIDE (__init_array_end = .)

.fini_array     0x0000000000203fe8        0x0
                [!provide]                        PROVIDE (__fini_array_start = .)
 *(.fini_array)
 *(SORT_BY_NAME(.fini_array.*))
                [!provide]                        PROVIDE (__fini_array_end = .)

.ctors
 *crtbegin.o(.ctors)
 *crtbegin?.o(.ctors)
 *(EXCLUDE_FILE(*crtend?.o *crtend.o) .ctors)
 *(SORT_BY_NAME(.ctors.*))
 *(.ctors)

.dtors
 *crtbegin.o(.dtors)
 *crtbegin?.o(.dtors)
 *(EXCLUDE_FILE(*crtend?.o *crtend.o) .dtors)
 *(SORT_BY_NAME(.dtors.*))
 *(.dtors)

.jcr
 *(.jcr)

.data.rel.ro
 *(.data.rel.ro.local* .gnu.linkonce.d.rel.ro.local.*)
 *(.data.rel.ro* .gnu.linkonce.d.rel.ro.*)

.dynamic
 *(.dynamic)

.got            0x0000000000203fe8        0x0
 *(.got)
 .got           0x0000000000203fe8        0x0 EntryPoint.o
                0x0000000000203fe8                . = DATA_SEGMENT_RELRO_END (., 0x18)

.got.plt        0x0000000000203fe8        0x0
 *(.got.plt)
 .got.plt       0x0000000000203fe8        0x0 EntryPoint.o
                0x0000000000203fe8                _edata = .
                [!provide]                        PROVIDE (edata = .)

.lbss
 *(.dynlbss)
 *(.lbss .lbss.* .gnu.linkonce.lb.*)
 *(LARGE_COMMON)
                0x0000000000203fe8                . = ALIGN (0x8)

.lrodata
 *(.lrodata .lrodata.* .gnu.linkonce.lr.*)

.ldata          0x0000000000205fe8        0x0
 *(.ldata .ldata.* .gnu.linkonce.l.*)
                0x0000000000205fe8                . = ALIGN ((. != 0x0)?0x8:0x1)
                0x0000000000205fe8                . = ALIGN (0x8)
                0x0000000000203fe8                _end = .
                [!provide]                        PROVIDE (end = .)
                0x0000000000205fe8                . = DATA_SEGMENT_END (.)

.stab           0x0000000000000000       0x9c
 *(.stab)
 .stab          0x0000000000000000       0x9c EntryPoint.o

.stabstr        0x0000000000000000       0x18
 *(.stabstr)
 .stabstr       0x0000000000000000       0x18 EntryPoint.o

.stab.excl
 *(.stab.excl)

.stab.exclstr
 *(.stab.exclstr)

.stab.index
 *(.stab.index)

.stab.indexstr
 *(.stab.indexstr)

.comment        0x0000000000000000       0x2b
 *(.comment)
 .comment       0x0000000000000000       0x2b Main.o
                                         0x2c (size before relaxing)
 .comment       0x000000000000002b       0x2c Queue.o
 .comment       0x000000000000002b       0x2c InterruptHandler.o
 .comment       0x000000000000002b       0x2c Descriptor.o
 .comment       0x000000000000002b       0x2c Utility.o
 .comment       0x000000000000002b       0x2c PIC.o
 .comment       0x000000000000002b       0x2c Keyboard.o

.debug
 *(.debug)

.line
 *(.line)

.debug_srcinfo
 *(.debug_srcinfo)

.debug_sfnames
 *(.debug_sfnames)

.debug_aranges  0x0000000000000000      0x150
 *(.debug_aranges)
 .debug_aranges
                0x0000000000000000       0x30 Main.o
 .debug_aranges
                0x0000000000000030       0x30 Queue.o
 .debug_aranges
                0x0000000000000060       0x30 InterruptHandler.o
 .debug_aranges
                0x0000000000000090       0x30 Descriptor.o
 .debug_aranges
                0x00000000000000c0       0x30 Utility.o
 .debug_aranges
                0x00000000000000f0       0x30 PIC.o
 .debug_aranges
                0x0000000000000120       0x30 Keyboard.o

.debug_pubnames
 *(.debug_pubnames)

.debug_info     0x0000000000000000     0x3339
 *(.debug_info .gnu.linkonce.wi.*)
 .debug_info    0x0000000000000000      0x574 Main.o
 .debug_info    0x0000000000000574      0x26b Queue.o
 .debug_info    0x00000000000007df      0x34c InterruptHandler.o
 .debug_info    0x0000000000000b2b     0x166d Descriptor.o
 .debug_info    0x0000000000002198      0x21c Utility.o
 .debug_info    0x00000000000023b4      0x228 PIC.o
 .debug_info    0x00000000000025dc      0xd5d Keyboard.o

.debug_abbrev   0x0000000000000000      0x91e
 *(.debug_abbrev)
 .debug_abbrev  0x0000000000000000      0x15c Main.o
 .debug_abbrev  0x000000000000015c      0x118 Queue.o
 .debug_abbrev  0x0000000000000274       0xed InterruptHandler.o
 .debug_abbrev  0x0000000000000361      0x1ad Descriptor.o
 .debug_abbrev  0x000000000000050e       0xe4 Utility.o
 .debug_abbrev  0x00000000000005f2       0x94 PIC.o
 .debug_abbrev  0x0000000000000686      0x298 Keyboard.o

.debug_line     0x0000000000000000     0x1888
 *(.debug_line)
 .debug_line    0x0000000000000000      0x17d Main.o
 .debug_line    0x000000000000017d      0x145 Queue.o
 .debug_line    0x00000000000002c2      0x190 InterruptHandler.o
 .debug_line    0x0000000000000452      0xb6a Descriptor.o
 .debug_line    0x0000000000000fbc      0x15f Utility.o
 .debug_line    0x000000000000111b       0xbf PIC.o
 .debug_line    0x00000000000011da      0x6ae Keyboard.o

.debug_frame
 *(.debug_frame)

.debug_str      0x0000000000000000      0x9fe
 *(.debug_str)
 .debug_str     0x0000000000000000      0x247 Main.o
                                        0x272 (size before relaxing)
 .debug_str     0x0000000000000247       0xdd Queue.o
                                        0x1b2 (size before relaxing)
 .debug_str     0x0000000000000324      0x106 InterruptHandler.o
                                        0x205 (size before relaxing)
 .debug_str     0x000000000000042a      0x282 Descriptor.o
                                        0x3e2 (size before relaxing)
 .debug_str     0x00000000000006ac       0x89 Utility.o
                                        0x19c (size before relaxing)
 .debug_str     0x0000000000000735       0x34 PIC.o
                                        0x14b (size before relaxing)
 .debug_str     0x0000000000000769      0x295 Keyboard.o
                                        0x4f3 (size before relaxing)

.debug_loc      0x0000000000000000     0x3812
 *(.debug_loc)
 .debug_loc     0x0000000000000000      0x1b6 Main.o
 .debug_loc     0x00000000000001b6      0x18d Queue.o
 .debug_loc     0x0000000000000343      0x16d InterruptHandler.o
 .debug_loc     0x00000000000004b0     0x2396 Descriptor.o
 .debug_loc     0x0000000000002846      0x233 Utility.o
 .debug_loc     0x0000000000002a79       0xbc PIC.o
 .debug_loc     0x0000000000002b35      0xcdd Keyboard.o

.debug_macinfo
 *(.debug_macinfo)

.debug_weaknames
 *(.debug_weaknames)

.debug_funcnames
 *(.debug_funcnames)

.debug_typenames
 *(.debug_typenames)

.debug_varnames
 *(.debug_varnames)

.debug_pubtypes
 *(.debug_pubtypes)

.debug_ranges   0x0000000000000000      0xd10
 *(.debug_ranges)
 .debug_ranges  0x0000000000000000      0xd10 Descriptor.o

.gnu.attributes
 *(.gnu.attributes)

/DISCARD/
 *(.note.GNU-stack)
 *(.gnu_debuglink)
Address of section .text set to 0x200000
LOAD EntryPoint.o
LOAD Main.o
LOAD Queue.o
LOAD InterruptHandler.o
LOAD Descriptor.o
LOAD Utility.o
LOAD PIC.o
LOAD Keyboard.o
LOAD ISR.o
LOAD AssemblyUtility.o
OUTPUT(Kernel64.elf elf64-x86-64)
