
Merging program properties

Removed property 0xc0000002 to merge Main.o (0x3) and ModeSwitch.o (not found)

Discarded input sections

 .group         0x0000000000000000        0x8 Main.o
 .group         0x0000000000000000        0x8 Main.o
 .note.GNU-stack
                0x0000000000000000        0x0 Main.o
 .note.gnu.property
                0x0000000000000000       0x1c Main.o
 .group         0x0000000000000000        0x8 Page.o
 .text.__x86.get_pc_thunk.ax
                0x0000000000000000        0x4 Page.o
 .note.GNU-stack
                0x0000000000000000        0x0 Page.o
 .note.gnu.property
                0x0000000000000000       0x1c Page.o

Memory Configuration

Name             Origin             Length             Attributes
*default*        0x0000000000000000 0xffffffffffffffff

Linker script and memory map

                [!provide]                        PROVIDE (__executable_start = 0x8048000)
                0x0000000008048094                . = (0x8048000 + SIZEOF_HEADERS)

.text           0x0000000000010200      0x5e0
 *(.text .stub .text.* .gnu.linkonce.t.*)
 .text          0x0000000000010200      0x3f7 Main.o
                0x0000000000010200                Main
                0x0000000000010476                kPrintString
                0x00000000000104e4                kInitializeKernel64Area
                0x000000000001052f                kIsMemoryEnough
                0x0000000000010580                kCopyKernel64ImageTo2Mbyte
 .text.__x86.get_pc_thunk.ax
                0x00000000000105f7        0x4 Main.o
                0x00000000000105f7                __x86.get_pc_thunk.ax
 .text.__x86.get_pc_thunk.bx
                0x00000000000105fb        0x4 Main.o
                0x00000000000105fb                __x86.get_pc_thunk.bx
 .text          0x00000000000105ff      0x180 Page.o
                0x00000000000105ff                kInitializePageTables
                0x000000000001074d                kSetPageEntryData
 *fill*         0x000000000001077f        0x1 90909090
 .text          0x0000000000010780       0x60 ModeSwitch.o
                0x0000000000010780                kReadCPUID
                0x00000000000107a8                kSwitchAndExecute64bitKernel
 *(.gnu.warning)

.iplt           0x00000000000107e0        0x0
 .iplt          0x00000000000107e0        0x0 Main.o

.rodata         0x00000000000107e0      0x211
 *(.rodata .rodata.* .gnu.linkonce.r.*)
 .rodata        0x00000000000107e0      0x211 Main.o

.rel.dyn        0x00000000000109f4        0x0
 .rel.iplt      0x00000000000109f4        0x0 Main.o

.rodata1
 *(.rodata1)
                0x0000000000010a00                . = ALIGN (0x200)

.data           0x0000000000010a00        0x0
 *(.data .data.* .gnu.linkonce.d.*)
 .data          0x0000000000010a00        0x0 Main.o
 .data          0x0000000000010a00        0x0 Page.o

.igot.plt       0x0000000000010a00        0x0
 .igot.plt      0x0000000000010a00        0x0 Main.o

.data1
 *(.data1)
                0x0000000000010a00                __bss_start = .

.bss            0x0000000000010a00        0x0
 *(.dynbss)
 *(.bss .bss.* .gnu.linkonce.b.*)
 .bss           0x0000000000010a00        0x0 Main.o
 .bss           0x0000000000010a00        0x0 Page.o
 *(COMMON)
                0x0000000000010a00                . = ALIGN ((. != 0x0)?0x4:0x1)
                0x0000000000010a00                . = ALIGN (0x4)
                0x0000000000010a00                . = ALIGN (0x4)
                0x0000000000010a00                _end = .
                [!provide]                        PROVIDE (end = .)

.interp
 *(.interp)

.note.gnu.build-id
 *(.note.gnu.build-id)

.hash
 *(.hash)

.gnu.hash
 *(.gnu.hash)

.dynsym
 *(.dynsym)

.dynstr
 *(.dynstr)

.gnu.version
 *(.gnu.version)

.gnu.version_d
 *(.gnu.version_d)

.gnu.version_r
 *(.gnu.version_r)

.rel.init
 *(.rel.init)

.rela.init
 *(.rela.init)

.rel.text
 *(.rel.text .rel.text.* .rel.gnu.linkonce.t.*)

.rela.text
 *(.rela.text .rela.text.* .rela.gnu.linkonce.t.*)

.rel.fini
 *(.rel.fini)

.rela.fini
 *(.rela.fini)

.rel.rodata
 *(.rel.rodata .rel.rodata.* .rel.gnu.linkonce.r.*)

.rela.rodata
 *(.rela.rodata .rela.rodata.* .rela.gnu.linkonce.r.*)

.rel.data.rel.ro
 *(.rel.data.rel.ro* .rel.gnu.linkonce.d.rel.ro.*)

.rela.data.rel.ro
 *(.rela.data.rel.ro* .rela.gnu.linkonce.d.rel.ro.*)

.rel.data
 *(.rel.data .rel.data.* .rel.gnu.linkonce.d.*)

.rela.data
 *(.rela.data .rela.data.* .rela.gnu.linkonce.d.*)

.rel.tdata
 *(.rel.tdata .rel.tdata.* .rel.gnu.linkonce.td.*)

.rela.tdata
 *(.rela.tdata .rela.tdata.* .rela.gnu.linkonce.td.*)

.rel.tbss
 *(.rel.tbss .rel.tbss.* .rel.gnu.linkonce.tb.*)

.rela.tbss
 *(.rela.tbss .rela.tbss.* .rela.gnu.linkonce.tb.*)

.rel.ctors
 *(.rel.ctors)

.rela.ctors
 *(.rela.ctors)

.rel.dtors
 *(.rel.dtors)

.rela.dtors
 *(.rela.dtors)

.rel.got        0x0000000000010a00        0x0
 *(.rel.got)
 .rel.got       0x0000000000010a00        0x0 Main.o

.rela.got
 *(.rela.got)

.rel.bss
 *(.rel.bss .rel.bss.* .rel.gnu.linkonce.b.*)

.rela.bss
 *(.rela.bss .rela.bss.* .rela.gnu.linkonce.b.*)

.rel.plt
 *(.rel.plt)

.rela.plt
 *(.rela.plt)

.init
 *(.init)

.plt
 *(.plt)

.fini
 *(.fini)
                [!provide]                        PROVIDE (__etext = .)
                [!provide]                        PROVIDE (_etext = .)
                [!provide]                        PROVIDE (etext = .)

.preinit_array  0x0000000000010a00        0x0
                [!provide]                        PROVIDE (__preinit_array_start = .)
 *(.preinit_array)
                [!provide]                        PROVIDE (__preinit_array_end = .)

.init_array     0x0000000000010a00        0x0
                [!provide]                        PROVIDE (__init_array_start = .)
 *(SORT_BY_NAME(.init_array.*))
 *(.init_array)
                [!provide]                        PROVIDE (__init_array_end = .)

.fini_array     0x0000000000010a00        0x0
                [!provide]                        PROVIDE (__fini_array_start = .)
 *(.fini_array)
 *(SORT_BY_NAME(.fini_array.*))
                [!provide]                        PROVIDE (__fini_array_end = .)
                0x0000000000010a00                _edata = .
                [!provide]                        PROVIDE (edata = .)

.tdata
 *(.tdata .tdata.* .gnu.linkonce.td.*)

.tbss
 *(.tbss .tbss.* .gnu.linkonce.tb.*)
 *(.tcommon)

.ctors
 *crtbegin.o(.ctors)
 *crtbegin?.o(.ctors)
 *(EXCLUDE_FILE(*crtend?.o *crtend.o) .ctors)
 *(SORT_BY_NAME(.ctors.*))
 *(.ctors)

.dtors
 *crtbegin.o(.dtors)
 *crtbegin?.o(.dtors)
 *(EXCLUDE_FILE(*crtend?.o *crtend.o) .dtors)
 *(SORT_BY_NAME(.dtors.*))
 *(.dtors)

.jcr
 *(.jcr)

.data.rel.ro
 *(.data.rel.ro.local* .gnu.linkonce.d.rel.ro.local.*)
 *(.data.rel.ro* .gnu.linkonce.d.rel.ro.*)

.dynamic
 *(.dynamic)

.got            0x0000000000010a00        0x0
 *(.got)
 .got           0x0000000000010a00        0x0 Main.o

.got.plt        0x0000000000010a00        0xc
 *(.got.plt)
 .got.plt       0x0000000000010a00        0xc Main.o
                0x0000000000010a00                _GLOBAL_OFFSET_TABLE_

.eh_frame_hdr
 *(.eh_frame_hdr)

.eh_frame       0x0000000000010a0c      0x11c
 *(.eh_frame)
 .eh_frame      0x0000000000010a0c       0xdc Main.o
 .eh_frame      0x0000000000010ae8       0x40 Page.o
                                         0x6c (size before relaxing)

.gcc_except_table
 *(.gcc_except_table .gcc_except_table.*)

.eh_frame
 *(.eh_frame)

.gcc_except_table
 *(.gcc_except_table .gcc_except_table.*)

.stab
 *(.stab)

.stabstr
 *(.stabstr)

.stab.excl
 *(.stab.excl)

.stab.exclstr
 *(.stab.exclstr)

.stab.index
 *(.stab.index)

.stab.indexstr
 *(.stab.indexstr)

.comment        0x0000000000000000       0x2b
 *(.comment)
 .comment       0x0000000000000000       0x2b Main.o
                                         0x2c (size before relaxing)
 .comment       0x000000000000002b       0x2c Page.o

.debug
 *(.debug)

.line
 *(.line)

.debug_srcinfo
 *(.debug_srcinfo)

.debug_sfnames
 *(.debug_sfnames)

.debug_aranges
 *(.debug_aranges)

.debug_pubnames
 *(.debug_pubnames)

.debug_info
 *(.debug_info .gnu.linkonce.wi.*)

.debug_abbrev
 *(.debug_abbrev)

.debug_line
 *(.debug_line)

.debug_frame
 *(.debug_frame)

.debug_str
 *(.debug_str)

.debug_loc
 *(.debug_loc)

.debug_macinfo
 *(.debug_macinfo)

.debug_weaknames
 *(.debug_weaknames)

.debug_funcnames
 *(.debug_funcnames)

.debug_typenames
 *(.debug_typenames)

.debug_varnames
 *(.debug_varnames)

.debug_pubtypes
 *(.debug_pubtypes)

.debug_ranges
 *(.debug_ranges)

.gnu.attributes
 *(.gnu.attributes)

/DISCARD/
 *(.note.GNU-stack)
 *(.gnu_debuglink)
Address of section .text set to 0x10200
LOAD Main.o
LOAD Page.o
LOAD ModeSwitch.o
OUTPUT(Kernel32.elf elf32-i386)
